Command line invocation:
    /Applications/Xcode.app/Contents/Developer/usr/bin/xcodebuild -scheme TruchieEmu -project TruchieEmu.xcodeproj build -destination platform=macOS

--- xcodebuild: WARNING: Using the first of multiple matching destinations:
{ platform:macOS, arch:arm64, id:00006020-0001089002C0C01E, name:My Mac }
{ platform:macOS, arch:x86_64, id:00006020-0001089002C0C01E, name:My Mac }
ComputePackagePrebuildTargetDependencyGraph

Prepare packages

CreateBuildRequest

SendProjectDescription

CreateBuildOperation

ComputeTargetDependencyGraph
note: Building targets in dependency order
note: Target dependency graph (1 target)
    Target 'TruchieEmu' in project 'TruchieEmu' (no dependencies)

GatherProvisioningInputs

CreateBuildDescription

ClangStatCache /Applications/Xcode.app/Contents/Developer/Toolchains/XcodeDefault.xctoolchain/usr/bin/clang-stat-cache /Applications/Xcode.app/Contents/Developer/Platforms/MacOSX.platform/Developer/SDKs/MacOSX26.4.sdk /Users/jayjay/Library/Developer/Xcode/DerivedData/SDKStatCaches.noindex/macosx26.4-25E236-688ef53f1462e2c8f657fdc38a81448f30f9ca8789b706f8bd3fc906a70d770f.sdkstatcache
    cd /Users/jayjay/gitrepos/truchiemu/TruchieEmu.xcodeproj
    /Applications/Xcode.app/Contents/Developer/Toolchains/XcodeDefault.xctoolchain/usr/bin/clang-stat-cache /Applications/Xcode.app/Contents/Developer/Platforms/MacOSX.platform/Developer/SDKs/MacOSX26.4.sdk -o /Users/jayjay/Library/Developer/Xcode/DerivedData/SDKStatCaches.noindex/macosx26.4-25E236-688ef53f1462e2c8f657fdc38a81448f30f9ca8789b706f8bd3fc906a70d770f.sdkstatcache

SwiftDriver TruchieEmu normal arm64 com.apple.xcode.tools.swift.compiler (in target 'TruchieEmu' from project 'TruchieEmu')
    cd /Users/jayjay/gitrepos/truchiemu
    builtin-SwiftDriver -- /Applications/Xcode.app/Contents/Developer/Toolchains/XcodeDefault.xctoolchain/usr/bin/swiftc -module-name TruchieEmu -Onone @/Users/jayjay/Library/Developer/Xcode/DerivedData/TruchieEmu-alcfinswigbcsuemhksixsvdwjda/Build/Intermediates.noindex/TruchieEmu.build/Debug/TruchieEmu.build/Objects-normal/arm64/TruchieEmu.SwiftFileList -DDEBUG -enable-bare-slash-regex -enable-experimental-feature DebugDescriptionMacro -sdk /Applications/Xcode.app/Contents/Developer/Platforms/MacOSX.platform/Developer/SDKs/MacOSX26.4.sdk -target arm64-apple-macos14.0 -g -module-cache-path /Users/jayjay/Library/Developer/Xcode/DerivedData/ModuleCache.noindex -Xfrontend -serialize-debugging-options -enable-testing -index-store-path /Users/jayjay/Library/Developer/Xcode/DerivedData/TruchieEmu-alcfinswigbcsuemhksixsvdwjda/Index.noindex/DataStore -Xcc -D_LIBCPP_HARDENING_MODE\=_LIBCPP_HARDENING_MODE_DEBUG -swift-version 5 -I /Users/jayjay/Library/Developer/Xcode/DerivedData/TruchieEmu-alcfinswigbcsuemhksixsvdwjda/Build/Products/Debug -F /Users/jayjay/Library/Developer/Xcode/DerivedData/TruchieEmu-alcfinswigbcsuemhksixsvdwjda/Build/Products/Debug -c -j10 -enable-batch-mode -incremental -Xcc -ivfsstatcache -Xcc /Users/jayjay/Library/Developer/Xcode/DerivedData/SDKStatCaches.noindex/macosx26.4-25E236-688ef53f1462e2c8f657fdc38a81448f30f9ca8789b706f8bd3fc906a70d770f.sdkstatcache -output-file-map /Users/jayjay/Library/Developer/Xcode/DerivedData/TruchieEmu-alcfinswigbcsuemhksixsvdwjda/Build/Intermediates.noindex/TruchieEmu.build/Debug/TruchieEmu.build/Objects-normal/arm64/TruchieEmu-OutputFileMap.json -use-frontend-parseable-output -save-temps -no-color-diagnostics -explicit-module-build -module-cache-path /Users/jayjay/Library/Developer/Xcode/DerivedData/TruchieEmu-alcfinswigbcsuemhksixsvdwjda/Build/Intermediates.noindex/SwiftExplicitPrecompiledModules -clang-scanner-module-cache-path /Users/jayjay/Library/Developer/Xcode/DerivedData/ModuleCache.noindex -sdk-module-cache-path /Users/jayjay/Library/Developer/Xcode/DerivedData/ModuleCache.noindex -serialize-diagnostics -emit-dependencies -emit-module -emit-module-path /Users/jayjay/Library/Developer/Xcode/DerivedData/TruchieEmu-alcfinswigbcsuemhksixsvdwjda/Build/Intermediates.noindex/TruchieEmu.build/Debug/TruchieEmu.build/Objects-normal/arm64/TruchieEmu.swiftmodule -validate-clang-modules-once -clang-build-session-file /Users/jayjay/Library/Developer/Xcode/DerivedData/ModuleCache.noindex/Session.modulevalidation -Xcc -I/Users/jayjay/Library/Developer/Xcode/DerivedData/TruchieEmu-alcfinswigbcsuemhksixsvdwjda/Build/Intermediates.noindex/TruchieEmu.build/Debug/TruchieEmu.build/swift-overrides.hmap -emit-const-values -Xfrontend -const-gather-protocols-file -Xfrontend /Users/jayjay/Library/Developer/Xcode/DerivedData/TruchieEmu-alcfinswigbcsuemhksixsvdwjda/Build/Intermediates.noindex/TruchieEmu.build/Debug/TruchieEmu.build/Objects-normal/arm64/TruchieEmu_const_extract_protocols.json -Xcc -iquote -Xcc /Users/jayjay/Library/Developer/Xcode/DerivedData/TruchieEmu-alcfinswigbcsuemhksixsvdwjda/Build/Intermediates.noindex/TruchieEmu.build/Debug/TruchieEmu.build/TruchieEmu-generated-files.hmap -Xcc -I/Users/jayjay/Library/Developer/Xcode/DerivedData/TruchieEmu-alcfinswigbcsuemhksixsvdwjda/Build/Intermediates.noindex/TruchieEmu.build/Debug/TruchieEmu.build/TruchieEmu-own-target-headers.hmap -Xcc -I/Users/jayjay/Library/Developer/Xcode/DerivedData/TruchieEmu-alcfinswigbcsuemhksixsvdwjda/Build/Intermediates.noindex/TruchieEmu.build/Debug/TruchieEmu.build/TruchieEmu-all-target-headers.hmap -Xcc -iquote -Xcc /Users/jayjay/Library/Developer/Xcode/DerivedData/TruchieEmu-alcfinswigbcsuemhksixsvdwjda/Build/Intermediates.noindex/TruchieEmu.build/Debug/TruchieEmu.build/TruchieEmu-project-headers.hmap -Xcc -I/Users/jayjay/Library/Developer/Xcode/DerivedData/TruchieEmu-alcfinswigbcsuemhksixsvdwjda/Build/Products/Debug/include -Xcc -I/Users/jayjay/Library/Developer/Xcode/DerivedData/TruchieEmu-alcfinswigbcsuemhksixsvdwjda/Build/Intermediates.noindex/TruchieEmu.build/Debug/TruchieEmu.build/DerivedSources-normal/arm64 -Xcc -I/Users/jayjay/Library/Developer/Xcode/DerivedData/TruchieEmu-alcfinswigbcsuemhksixsvdwjda/Build/Intermediates.noindex/TruchieEmu.build/Debug/TruchieEmu.build/DerivedSources/arm64 -Xcc -I/Users/jayjay/Library/Developer/Xcode/DerivedData/TruchieEmu-alcfinswigbcsuemhksixsvdwjda/Build/Intermediates.noindex/TruchieEmu.build/Debug/TruchieEmu.build/DerivedSources -Xcc -DDEBUG\=1 -emit-objc-header -emit-objc-header-path /Users/jayjay/Library/Developer/Xcode/DerivedData/TruchieEmu-alcfinswigbcsuemhksixsvdwjda/Build/Intermediates.noindex/TruchieEmu.build/Debug/TruchieEmu.build/Objects-normal/arm64/TruchieEmu-Swift.h -import-objc-header /Users/jayjay/gitrepos/truchiemu/TruchieEmu/Engine/TruchieEmu-Bridging-Header.h -working-directory /Users/jayjay/gitrepos/truchiemu -experimental-emit-module-separately -disable-cmo

SwiftGeneratePch normal arm64 Compiling\ bridging\ header (in target 'TruchieEmu' from project 'TruchieEmu')

SwiftDriverJobDiscovery normal arm64 Compiling bridging header (in target 'TruchieEmu' from project 'TruchieEmu')

SwiftEmitModule normal arm64 Emitting\ module\ for\ TruchieEmu (in target 'TruchieEmu' from project 'TruchieEmu')

EmitSwiftModule normal arm64 (in target 'TruchieEmu' from project 'TruchieEmu')
    cd /Users/jayjay/gitrepos/truchiemu
    

SwiftCompile normal arm64 Compiling\ ROMLibrary.swift /Users/jayjay/gitrepos/truchiemu/TruchieEmu/Services/ROMLibrary.swift (in target 'TruchieEmu' from project 'TruchieEmu')
SwiftCompile normal arm64 /Users/jayjay/gitrepos/truchiemu/TruchieEmu/Services/ROMLibrary.swift (in target 'TruchieEmu' from project 'TruchieEmu')
    cd /Users/jayjay/gitrepos/truchiemu
    

SwiftCompile normal arm64 Compiling\ ShaderSection.swift /Users/jayjay/gitrepos/truchiemu/TruchieEmu/Views/Detail/Sections/ShaderSection.swift (in target 'TruchieEmu' from project 'TruchieEmu')

SwiftCompile normal arm64 /Users/jayjay/gitrepos/truchiemu/TruchieEmu/Views/Detail/Sections/ShaderSection.swift (in target 'TruchieEmu' from project 'TruchieEmu')
    cd /Users/jayjay/gitrepos/truchiemu
    

SwiftCompile normal arm64 Compiling\ CoreSection.swift /Users/jayjay/gitrepos/truchiemu/TruchieEmu/Views/Detail/Sections/CoreSection.swift (in target 'TruchieEmu' from project 'TruchieEmu')
Failed frontend command:
/Applications/Xcode.app/Contents/Developer/Toolchains/XcodeDefault.xctoolchain/usr/bin/swift-frontend -frontend -c /Users/jayjay/gitrepos/truchiemu/TruchieEmu/Models/Achievement.swift /Users/jayjay/gitrepos/truchiemu/TruchieEmu/Views/Player/AchievementListView.swift /Users/jayjay/gitrepos/truchiemu/TruchieEmu/Views/Player/AchievementToastView.swift /Users/jayjay/gitrepos/truchiemu/TruchieEmu/Utilities/AppSettings.swift /Users/jayjay/gitrepos/truchiemu/TruchieEmu/Engine/Runners/BaseRunner.swift /Users/jayjay/gitrepos/truchiemu/TruchieEmu/Services/Bezels/BezelAPIService.swift /Users/jayjay/gitrepos/truchiemu/TruchieEmu/Views/Player/BezelBackgroundView.swift /Users/jayjay/gitrepos/truchiemu/TruchieEmu/Views/Bezels/BezelBrowserView.swift /Users/jayjay/gitrepos/truchiemu/TruchieEmu/Views/Bezels/BezelDownloadLogView.swift /Users/jayjay/gitrepos/truchiemu/TruchieEmu/Services/Bezels/BezelManager.swift /Users/jayjay/gitrepos/truchiemu/TruchieEmu/Services/Bezels/BezelModels.swift /Users/jayjay/gitrepos/truchiemu/TruchieEmu/Views/Bezels/BezelSelectorSheet.swift /Users/jayjay/gitrepos/truchiemu/TruchieEmu/Views/Bezels/BezelSelectorWindow.swift /Users/jayjay/gitrepos/truchiemu/TruchieEmu/Views/Bezels/BezelSettingsView.swift /Users/jayjay/gitrepos/truchiemu/TruchieEmu/Services/Bezels/BezelStorageManager.swift /Users/jayjay/gitrepos/truchiemu/TruchieEmu/Services/Bezels/BezelSystemMapping.swift /Users/jayjay/gitrepos/truchiemu/TruchieEmu/Views/Detail/Sections/BezelsSection.swift /Users/jayjay/gitrepos/truchiemu/TruchieEmu/Views/BoxArt/BoxArtPickerView.swift /Users/jayjay/gitrepos/truchiemu/TruchieEmu/Services/BoxArtPreloaderService.swift /Users/jayjay/gitrepos/truchiemu/TruchieEmu/Services/BoxArtService.swift /Users/jayjay/gitrepos/truchiemu/TruchieEmu/Services/CLILauncher.swift /Users/jayjay/gitrepos/truchiemu/TruchieEmu/Services/CLIManager.swift /Users/jayjay/gitrepos/truchiemu/TruchieEmu/Services/CategoryManager.swift /Users/jayjay/gitrepos/truchiemu/TruchieEmu/Views/Library/CategoryRowButton.swift /Users/jayjay/gitrepos/truchiemu/TruchieEmu/Models/Cheat.swift /Users/jayjay/gitrepos/truchiemu/TruchieEmu/Services/CheatAutoLoader.swift /Users/jayjay/gitrepos/truchiemu/TruchieEmu/Services/CheatDownloadService.swift /Users/jayjay/gitrepos/truchiemu/TruchieEmu/Services/CheatManagerService.swift /Users/jayjay/gitrepos/truchiemu/TruchieEmu/Views/Player/CheatManagerView.swift /Users/jayjay/gitrepos/truchiemu/TruchieEmu/Services/CheatParser.swift /Users/jayjay/gitrepos/truchiemu/TruchieEmu/Views/Settings/CheatSettingsView.swift /Users/jayjay/gitrepos/truchiemu/TruchieEmu/Views/Detail/Sections/CheatsSection.swift /Users/jayjay/gitrepos/truchiemu/TruchieEmu/Utilities/ConfettiView.swift /Users/jayjay/gitrepos/truchiemu/TruchieEmu/App/ContentView.swift /Users/jayjay/gitrepos/truchiemu/TruchieEmu/Services/ControllerService.swift /Users/jayjay/gitrepos/truchiemu/TruchieEmu/Views/Detail/Sections/ControlsSection.swift /Users/jayjay/gitrepos/truchiemu/TruchieEmu/Views/CoreDownload/CoreDownloadSheet.swift /Users/jayjay/gitrepos/truchiemu/TruchieEmu/Services/CoreManager.swift /Users/jayjay/gitrepos/truchiemu/TruchieEmu/Models/CoreOption.swift /Users/jayjay/gitrepos/truchiemu/TruchieEmu/Services/CoreOptionsManager.swift /Users/jayjay/gitrepos/truchiemu/TruchieEmu/Services/Persistence/CoreOptionsRepository.swift /Users/jayjay/gitrepos/truchiemu/TruchieEmu/Views/Settings/CoreOptionsView.swift /Users/jayjay/gitrepos/truchiemu/TruchieEmu/Views/Player/CorePickerView.swift -primary-file /Users/jayjay/gitrepos/truchiemu/TruchieEmu/Views/Detail/Sections/CoreSection.swift /Users/jayjay/gitrepos/truchiemu/TruchieEmu/Services/DATPrepopulationService.swift /Users/jayjay/gitrepos/truchiemu/TruchieEmu/Engine/Runners/DOSRunner.swift /Users/jayjay/gitrepos/truchiemu/TruchieEmu/Views/Detail/EmptyDetailView.swift /Users/jayjay/gitrepos/truchiemu/TruchieEmu/Views/Player/EmulatorView.swift /Users/jayjay/gitrepos/truchiemu/TruchieEmu/Views/GameCardView.swift /Users/jayjay/gitrepos/truchiemu/TruchieEmu/Models/GameCategory.swift /Users/jayjay/gitrepos/truchiemu/TruchieEmu/Models/GameDBLookupResult.swift /Users/jayjay/gitrepos/truchiemu/TruchieEmu/Services/Persistence/GameDBRepository.swift /Users/jayjay/gitrepos/truchiemu/TruchieEmu/Views/Detail/GameDetailView.swift /Users/jayjay/gitrepos/truchiemu/TruchieEmu/Services/GameDragState.swift /Users/jayjay/gitrepos/truchiemu/TruchieEmu/App/GameInfoWindow.swift /Users/jayjay/gitrepos/truchiemu/TruchieEmu/Services/GameLauncher.swift /Users/jayjay/gitrepos/truchiemu/TruchieEmu/Utilities/GameNameFormatter.swift /Users/jayjay/gitrepos/truchiemu/TruchieEmu/Services/HardcoreModeManager.swift /Users/jayjay/gitrepos/truchiemu/TruchieEmu/Services/ImageCache.swift /Users/jayjay/gitrepos/truchiemu/TruchieEmu/Models/LaunchBoxGameMetadata.swift /Users/jayjay/gitrepos/truchiemu/TruchieEmu/Services/LaunchBoxGamesDBService.swift /Users/jayjay/gitrepos/truchiemu/TruchieEmu/Services/LibraryAutomationCoordinator.swift /Users/jayjay/gitrepos/truchiemu/TruchieEmu/Views/Library/LibraryGridView.swift /Users/jayjay/gitrepos/truchiemu/TruchieEmu/Models/LibraryMetadataStore.swift /Users/jayjay/gitrepos/truchiemu/TruchieEmu/Engine/LibretroBridgeSwift.swift /Users/jayjay/gitrepos/truchiemu/TruchieEmu/Models/LibretroCore.swift /Users/jayjay/gitrepos/truchiemu/TruchieEmu/Services/LibretroRDBParser.swift /Users/jayjay/gitrepos/truchiemu/TruchieEmu/Services/LibretroThumbnailResolver.swift /Users/jayjay/gitrepos/truchiemu/TruchieEmu/Services/LogManager.swift /Users/jayjay/gitrepos/truchiemu/TruchieEmu/Services/LoggerService.swift /Users/jayjay/gitrepos/truchiemu/TruchieEmu/Views/Settings/LoggingSettingsView.swift /Users/jayjay/gitrepos/truchiemu/TruchieEmu/Services/MAMEDependencyService.swift /Users/jayjay/gitrepos/truchiemu/TruchieEmu/Views/MAME/MAMEDependencyStatusView.swift /Users/jayjay/gitrepos/truchiemu/TruchieEmu/Services/MAMEImportService.swift /Users/jayjay/gitrepos/truchiemu/TruchieEmu/Views/MAME/MAMEMissingROMsAlert.swift /Users/jayjay/gitrepos/truchiemu/TruchieEmu/Services/MAMEModels.swift /Users/jayjay/gitrepos/truchiemu/TruchieEmu/Models/MAMERomEntry.swift /Users/jayjay/gitrepos/truchiemu/TruchieEmu/Services/MAMEUnifiedService.swift /Users/jayjay/gitrepos/truchiemu/TruchieEmu/Models/MAMEVerificationRecord.swift /Users/jayjay/gitrepos/truchiemu/TruchieEmu/Services/MAMEVerificationService.swift /Users/jayjay/gitrepos/truchiemu/TruchieEmu/Services/MetadataSyncCoordinator.swift /Users/jayjay/gitrepos/truchiemu/TruchieEmu/Engine/Runners/N64Runner.swift /Users/jayjay/gitrepos/truchiemu/TruchieEmu/Engine/Runners/NESRunner.swift /Users/jayjay/gitrepos/truchiemu/TruchieEmu/Views/Library/OnboardingView.swift /Users/jayjay/gitrepos/truchiemu/TruchieEmu/Services/Persistence/PersistenceMigrationFlag.swift /Users/jayjay/gitrepos/truchiemu/TruchieEmu/Models/ROM.swift /Users/jayjay/gitrepos/truchiemu/TruchieEmu/Services/ROMIdentifierService.swift /Users/jayjay/gitrepos/truchiemu/TruchieEmu/Services/ROMLibrary.swift /Users/jayjay/gitrepos/truchiemu/TruchieEmu/Services/Persistence/ROMRepository.swift /Users/jayjay/gitrepos/truchiemu/TruchieEmu/Services/ROMScanner.swift /Users/jayjay/gitrepos/truchiemu/TruchieEmu/Services/ResourceCacheInterceptor.swift /Users/jayjay/gitrepos/truchiemu/TruchieEmu/Models/ResourceCacheModels.swift /Users/jayjay/gitrepos/truchiemu/TruchieEmu/Services/Persistence/ResourceCacheRepository.swift /Users/jayjay/gitrepos/truchiemu/TruchieEmu/Services/RetroAchievementsService.swift /Users/jayjay/gitrepos/truchiemu/TruchieEmu/Views/Settings/RetroAchievementsSettingsView.swift /Users/jayjay/gitrepos/truchiemu/TruchieEmu/Services/RunningGamesTracker.swift /Users/jayjay/gitrepos/truchiemu/TruchieEmu/Engine/Runners/SNESRunner.swift /Users/jayjay/gitrepos/truchiemu/TruchieEmu/Services/SaveStateManager.swift /Users/jayjay/gitrepos/truchiemu/TruchieEmu/Views/Detail/Sections/SavedStatesSection.swift /Users/jayjay/gitrepos/truchiemu/TruchieEmu/Engine/Runners/ScummVMRunner.swift /Users/jayjay/gitrepos/truchiemu/TruchieEmu/Views/Settings/SettingsView.swift /Users/jayjay/gitrepos/truchiemu/TruchieEmu/Services/SetupWizardState.swift /Users/jayjay/gitrepos/truchiemu/TruchieEmu/Views/Library/SetupWizardView.swift /Users/jayjay/gitrepos/truchiemu/TruchieEmu/Services/ShaderManager.swift /Users/jayjay/gitrepos/truchiemu/TruchieEmu/Models/ShaderPreset.swift /Users/jayjay/gitrepos/truchiemu/TruchieEmu/Views/Shaders/ShaderPresetPickerView.swift /Users/jayjay/gitrepos/truchiemu/TruchieEmu/Views/Detail/Sections/ShaderSection.swift /Users/jayjay/gitrepos/truchiemu/TruchieEmu/Views/Player/SharedPlayerComponents.swift /Users/jayjay/gitrepos/truchiemu/TruchieEmu/Views/Library/SidebarRowButton.swift /Users/jayjay/gitrepos/truchiemu/TruchieEmu/Views/Player/SlotPickerSheet.swift /Users/jayjay/gitrepos/truchiemu/TruchieEmu/Services/Persistence/SwiftDataContainer.swift /Users/jayjay/gitrepos/truchiemu/TruchieEmu/Models/SwiftDataModels.swift /Users/jayjay/gitrepos/truchiemu/TruchieEmu/Views/Library/SystemControlsMappingView.swift /Users/jayjay/gitrepos/truchiemu/TruchieEmu/Models/SystemInfo.swift /Users/jayjay/gitrepos/truchiemu/TruchieEmu/Views/Library/SystemSidebarView.swift /Users/jayjay/gitrepos/truchiemu/TruchieEmu/App/TruchieEmuApp.swift /Users/jayjay/gitrepos/truchiemu/TruchieEmu/Views/BoxArt/ZoomableBoxArtView.swift -emit-dependencies-path /Users/jayjay/Library/Developer/Xcode/DerivedData/TruchieEmu-alcfinswigbcsuemhksixsvdwjda/Build/Intermediates.noindex/TruchieEmu.build/Debug/TruchieEmu.build/Objects-normal/arm64/CoreSection.d -emit-const-values-path /Users/jayjay/Library/Developer/Xcode/DerivedData/TruchieEmu-alcfinswigbcsuemhksixsvdwjda/Build/Intermediates.noindex/TruchieEmu.build/Debug/TruchieEmu.build/Objects-normal/arm64/CoreSection.swiftconstvalues -emit-reference-dependencies-path /Users/jayjay/Library/Developer/Xcode/DerivedData/TruchieEmu-alcfinswigbcsuemhksixsvdwjda/Build/Intermediates.noindex/TruchieEmu.build/Debug/TruchieEmu.build/Objects-normal/arm64/CoreSection.swiftdeps -serialize-diagnostics-path /Users/jayjay/Library/Developer/Xcode/DerivedData/TruchieEmu-alcfinswigbcsuemhksixsvdwjda/Build/Intermediates.noindex/TruchieEmu.build/Debug/TruchieEmu.build/Objects-normal/arm64/CoreSection.dia -target arm64-apple-macos14.0 -disable-cross-import-overlay-search -swift-module-cross-import Darwin /Applications/Xcode.app/Contents/Developer/Platforms/MacOSX.platform/Developer/SDKs/MacOSX.sdk/usr/include/Darwin.swiftcrossimport/xlocale.swiftoverlay -swift-module-cross-import SwiftData /Applications/Xcode.app/Contents/Developer/Platforms/MacOSX.platform/Developer/SDKs/MacOSX26.4.sdk/System/Library/Frameworks/SwiftData.framework/Modules/SwiftData.swiftcrossimport/CoreData.swiftoverlay -swift-module-cross-import SwiftData /Applications/Xcode.app/Contents/Developer/Platforms/MacOSX.platform/Developer/SDKs/MacOSX26.4.sdk/System/Library/Frameworks/SwiftData.framework/Modules/SwiftData.swiftcrossimport/SwiftUI.swiftoverlay -swift-module-cross-import WebKit /Applications/Xcode.app/Contents/Developer/Platforms/MacOSX.platform/Developer/SDKs/MacOSX.sdk/System/Cryptexes/OS/System/Library/Frameworks/WebKit.framework/Modules/WebKit.swiftcrossimport/SwiftUI.swiftoverlay -swift-module-cross-import WebKit /Applications/Xcode.app/Contents/Developer/Platforms/MacOSX.platform/Developer/SDKs/MacOSX26.4.sdk/System/Library/Frameworks/WebKit.framework/Modules/WebKit.swiftcrossimport/SwiftUI.swiftoverlay -load-resolved-plugin /Applications/Xcode.app/Contents/Developer/Platforms/MacOSX.platform/Developer/usr/lib/swift/host/plugins/libFoundationMacros.dylib\#/Applications/Xcode.app/Contents/Developer/Platforms/MacOSX.platform/Developer/usr/bin/swift-plugin-server\#FoundationMacros -load-resolved-plugin /Applications/Xcode.app/Contents/Developer/Platforms/MacOSX.platform/Developer/usr/lib/swift/host/plugins/libObservationMacros.dylib\#/Applications/Xcode.app/Contents/Developer/Platforms/MacOSX.platform/Developer/usr/bin/swift-plugin-server\#ObservationMacros -load-resolved-plugin /Applications/Xcode.app/Contents/Developer/Platforms/MacOSX.platform/Developer/usr/lib/swift/host/plugins/libPreviewsMacros.dylib\#/Applications/Xcode.app/Contents/Developer/Platforms/MacOSX.platform/Developer/usr/bin/swift-plugin-server\#PreviewsMacros -load-resolved-plugin /Applications/Xcode.app/Contents/Developer/Platforms/MacOSX.platform/Developer/usr/lib/swift/host/plugins/libSwiftDataMacros.dylib\#/Applications/Xcode.app/Contents/Developer/Platforms/MacOSX.platform/Developer/usr/bin/swift-plugin-server\#SwiftDataMacros -load-resolved-plugin /Applications/Xcode.app/Contents/Developer/Platforms/MacOSX.platform/Developer/usr/lib/swift/host/plugins/libSwiftMacros.dylib\#/Applications/Xcode.app/Contents/Developer/Platforms/MacOSX.platform/Developer/usr/bin/swift-plugin-server\#SwiftMacros -load-resolved-plugin /Applications/Xcode.app/Contents/Developer/Platforms/MacOSX.platform/Developer/usr/lib/swift/host/plugins/libSwiftUIMacros.dylib\#/Applications/Xcode.app/Contents/Developer/Platforms/MacOSX.platform/Developer/usr/bin/swift-plugin-server\#SwiftUIMacros -disable-implicit-swift-modules -Xcc -fno-implicit-modules -Xcc -fno-implicit-module-maps -explicit-swift-module-map-file /Users/jayjay/Library/Developer/Xcode/DerivedData/TruchieEmu-alcfinswigbcsuemhksixsvdwjda/Build/Intermediates.noindex/TruchieEmu.build/Debug/TruchieEmu.build/Objects-normal/arm64/TruchieEmu-dependencies-1.json -debug-module-path /Users/jayjay/Library/Developer/Xcode/DerivedData/TruchieEmu-alcfinswigbcsuemhksixsvdwjda/Build/Intermediates.noindex/TruchieEmu.build/Debug/TruchieEmu.build/Objects-normal/arm64/TruchieEmu.swiftmodule -Xllvm -aarch64-use-tbi -enable-objc-interop -stack-check -sdk /Applications/Xcode.app/Contents/Developer/Platforms/MacOSX.platform/Developer/SDKs/MacOSX26.4.sdk -I /Users/jayjay/Library/Developer/Xcode/DerivedData/TruchieEmu-alcfinswigbcsuemhksixsvdwjda/Build/Products/Debug -F /Users/jayjay/Library/Developer/Xcode/DerivedData/TruchieEmu-alcfinswigbcsuemhksixsvdwjda/Build/Products/Debug -no-color-diagnostics -Xcc -fno-color-diagnostics -enable-testing -g -debug-info-format\=dwarf -dwarf-version\=4 -module-cache-path /Users/jayjay/Library/Developer/Xcode/DerivedData/TruchieEmu-alcfinswigbcsuemhksixsvdwjda/Build/Intermediates.noindex/SwiftExplicitPrecompiledModules -swift-version 5 -Onone -D DEBUG -serialize-debugging-options -const-gather-protocols-file /Users/jayjay/Library/Developer/Xcode/DerivedData/TruchieEmu-alcfinswigbcsuemhksixsvdwjda/Build/Intermediates.noindex/TruchieEmu.build/Debug/TruchieEmu.build/Objects-normal/arm64/TruchieEmu_const_extract_protocols.json -enable-experimental-feature DebugDescriptionMacro -enable-bare-slash-regex -empty-abi-descriptor -validate-clang-modules-once -clang-build-session-file /Users/jayjay/Library/Developer/Xcode/DerivedData/ModuleCache.noindex/Session.modulevalidation -Xcc -working-directory -Xcc /Users/jayjay/gitrepos/truchiemu -enable-anonymous-context-mangled-names -file-compilation-dir /Users/jayjay/gitrepos/truchiemu -Xcc -D_LIBCPP_HARDENING_MODE\=_LIBCPP_HARDENING_MODE_DEBUG -Xcc -ivfsstatcache -Xcc /Users/jayjay/Library/Developer/Xcode/DerivedData/SDKStatCaches.noindex/macosx26.4-25E236-688ef53f1462e2c8f657fdc38a81448f30f9ca8789b706f8bd3fc906a70d770f.sdkstatcache -Xcc -I/Users/jayjay/Library/Developer/Xcode/DerivedData/TruchieEmu-alcfinswigbcsuemhksixsvdwjda/Build/Intermediates.noindex/TruchieEmu.build/Debug/TruchieEmu.build/swift-overrides.hmap -Xcc -iquote -Xcc /Users/jayjay/Library/Developer/Xcode/DerivedData/TruchieEmu-alcfinswigbcsuemhksixsvdwjda/Build/Intermediates.noindex/TruchieEmu.build/Debug/TruchieEmu.build/TruchieEmu-generated-files.hmap -Xcc -I/Users/jayjay/Library/Developer/Xcode/DerivedData/TruchieEmu-alcfinswigbcsuemhksixsvdwjda/Build/Intermediates.noindex/TruchieEmu.build/Debug/TruchieEmu.build/TruchieEmu-own-target-headers.hmap -Xcc -I/Users/jayjay/Library/Developer/Xcode/DerivedData/TruchieEmu-alcfinswigbcsuemhksixsvdwjda/Build/Intermediates.noindex/TruchieEmu.build/Debug/TruchieEmu.build/TruchieEmu-all-target-headers.hmap -Xcc -iquote -Xcc /Users/jayjay/Library/Developer/Xcode/DerivedData/TruchieEmu-alcfinswigbcsuemhksixsvdwjda/Build/Intermediates.noindex/TruchieEmu.build/Debug/TruchieEmu.build/TruchieEmu-project-headers.hmap -Xcc -I/Users/jayjay/Library/Developer/Xcode/DerivedData/TruchieEmu-alcfinswigbcsuemhksixsvdwjda/Build/Products/Debug/include -Xcc -I/Users/jayjay/Library/Developer/Xcode/DerivedData/TruchieEmu-alcfinswigbcsuemhksixsvdwjda/Build/Intermediates.noindex/TruchieEmu.build/Debug/TruchieEmu.build/DerivedSources-normal/arm64 -Xcc -I/Users/jayjay/Library/Developer/Xcode/DerivedData/TruchieEmu-alcfinswigbcsuemhksixsvdwjda/Build/Intermediates.noindex/TruchieEmu.build/Debug/TruchieEmu.build/DerivedSources/arm64 -Xcc -I/Users/jayjay/Library/Developer/Xcode/DerivedData/TruchieEmu-alcfinswigbcsuemhksixsvdwjda/Build/Intermediates.noindex/TruchieEmu.build/Debug/TruchieEmu.build/DerivedSources -Xcc -DDEBUG\=1 -import-objc-header /Users/jayjay/Library/Developer/Xcode/DerivedData/TruchieEmu-alcfinswigbcsuemhksixsvdwjda/Build/Intermediates.noindex/TruchieEmu.build/Debug/TruchieEmu.build/Objects-normal/arm64/TruchieEmu-primary-Bridging-header.pch -no-auto-bridging-header-chaining -module-name TruchieEmu -frontend-parseable-output -disable-clang-spi -clang-target arm64-apple-macos26.4 -target-sdk-version 26.4 -target-sdk-name macosx26.4 -in-process-plugin-server-path /Applications/Xcode.app/Contents/Developer/Toolchains/XcodeDefault.xctoolchain/usr/lib/swift/host/libSwiftInProcPluginServer.dylib -o /Users/jayjay/Library/Developer/Xcode/DerivedData/TruchieEmu-alcfinswigbcsuemhksixsvdwjda/Build/Intermediates.noindex/TruchieEmu.build/Debug/TruchieEmu.build/Objects-normal/arm64/CoreSection.o -index-unit-output-path /TruchieEmu.build/Debug/TruchieEmu.build/Objects-normal/arm64/CoreSection.o -index-store-path /Users/jayjay/Library/Developer/Xcode/DerivedData/TruchieEmu-alcfinswigbcsuemhksixsvdwjda/Index.noindex/DataStore -index-system-modules

SwiftCompile normal arm64 /Users/jayjay/gitrepos/truchiemu/TruchieEmu/Views/Detail/Sections/CoreSection.swift (in target 'TruchieEmu' from project 'TruchieEmu')
    cd /Users/jayjay/gitrepos/truchiemu
    
/Users/jayjay/gitrepos/truchiemu/TruchieEmu/Views/Detail/Sections/CoreSection.swift:13:20: error: 'ThemeColors' is inaccessible due to 'private' protection level
    private var t: ThemeColors { ThemeColors.for(colorScheme) }
                   ^
/Users/jayjay/gitrepos/truchiemu/TruchieEmu/Views/Detail/GameDetailView.swift:7:16: note: type declared here
private struct ThemeColors {
               ^
/Users/jayjay/gitrepos/truchiemu/TruchieEmu/Views/Detail/Sections/CoreSection.swift:13:34: error: 'ThemeColors' is inaccessible due to 'private' protection level
    private var t: ThemeColors { ThemeColors.for(colorScheme) }
                                 ^
/Users/jayjay/gitrepos/truchiemu/TruchieEmu/Views/Detail/GameDetailView.swift:7:16: note: 'ThemeColors' declared here
private struct ThemeColors {
               ^

SwiftCompile normal arm64 Compiling\ CheatsSection.swift /Users/jayjay/gitrepos/truchiemu/TruchieEmu/Views/Detail/Sections/CheatsSection.swift (in target 'TruchieEmu' from project 'TruchieEmu')
SwiftCompile normal arm64 /Users/jayjay/gitrepos/truchiemu/TruchieEmu/Views/Detail/Sections/CheatsSection.swift (in target 'TruchieEmu' from project 'TruchieEmu')
    cd /Users/jayjay/gitrepos/truchiemu
    

SwiftCompile normal arm64 Compiling\ ShaderPreset.swift /Users/jayjay/gitrepos/truchiemu/TruchieEmu/Models/ShaderPreset.swift (in target 'TruchieEmu' from project 'TruchieEmu')

SwiftCompile normal arm64 /Users/jayjay/gitrepos/truchiemu/TruchieEmu/Models/ShaderPreset.swift (in target 'TruchieEmu' from project 'TruchieEmu')
    cd /Users/jayjay/gitrepos/truchiemu
    

SwiftCompile normal arm64 Compiling\ ControlsSection.swift /Users/jayjay/gitrepos/truchiemu/TruchieEmu/Views/Detail/Sections/ControlsSection.swift (in target 'TruchieEmu' from project 'TruchieEmu')
Failed frontend command:
/Applications/Xcode.app/Contents/Developer/Toolchains/XcodeDefault.xctoolchain/usr/bin/swift-frontend -frontend -c /Users/jayjay/gitrepos/truchiemu/TruchieEmu/Models/Achievement.swift /Users/jayjay/gitrepos/truchiemu/TruchieEmu/Views/Player/AchievementListView.swift /Users/jayjay/gitrepos/truchiemu/TruchieEmu/Views/Player/AchievementToastView.swift /Users/jayjay/gitrepos/truchiemu/TruchieEmu/Utilities/AppSettings.swift /Users/jayjay/gitrepos/truchiemu/TruchieEmu/Engine/Runners/BaseRunner.swift /Users/jayjay/gitrepos/truchiemu/TruchieEmu/Services/Bezels/BezelAPIService.swift /Users/jayjay/gitrepos/truchiemu/TruchieEmu/Views/Player/BezelBackgroundView.swift /Users/jayjay/gitrepos/truchiemu/TruchieEmu/Views/Bezels/BezelBrowserView.swift /Users/jayjay/gitrepos/truchiemu/TruchieEmu/Views/Bezels/BezelDownloadLogView.swift /Users/jayjay/gitrepos/truchiemu/TruchieEmu/Services/Bezels/BezelManager.swift /Users/jayjay/gitrepos/truchiemu/TruchieEmu/Services/Bezels/BezelModels.swift /Users/jayjay/gitrepos/truchiemu/TruchieEmu/Views/Bezels/BezelSelectorSheet.swift /Users/jayjay/gitrepos/truchiemu/TruchieEmu/Views/Bezels/BezelSelectorWindow.swift /Users/jayjay/gitrepos/truchiemu/TruchieEmu/Views/Bezels/BezelSettingsView.swift /Users/jayjay/gitrepos/truchiemu/TruchieEmu/Services/Bezels/BezelStorageManager.swift /Users/jayjay/gitrepos/truchiemu/TruchieEmu/Services/Bezels/BezelSystemMapping.swift /Users/jayjay/gitrepos/truchiemu/TruchieEmu/Views/Detail/Sections/BezelsSection.swift /Users/jayjay/gitrepos/truchiemu/TruchieEmu/Views/BoxArt/BoxArtPickerView.swift /Users/jayjay/gitrepos/truchiemu/TruchieEmu/Services/BoxArtPreloaderService.swift /Users/jayjay/gitrepos/truchiemu/TruchieEmu/Services/BoxArtService.swift /Users/jayjay/gitrepos/truchiemu/TruchieEmu/Services/CLILauncher.swift /Users/jayjay/gitrepos/truchiemu/TruchieEmu/Services/CLIManager.swift /Users/jayjay/gitrepos/truchiemu/TruchieEmu/Services/CategoryManager.swift /Users/jayjay/gitrepos/truchiemu/TruchieEmu/Views/Library/CategoryRowButton.swift /Users/jayjay/gitrepos/truchiemu/TruchieEmu/Models/Cheat.swift /Users/jayjay/gitrepos/truchiemu/TruchieEmu/Services/CheatAutoLoader.swift /Users/jayjay/gitrepos/truchiemu/TruchieEmu/Services/CheatDownloadService.swift /Users/jayjay/gitrepos/truchiemu/TruchieEmu/Services/CheatManagerService.swift /Users/jayjay/gitrepos/truchiemu/TruchieEmu/Views/Player/CheatManagerView.swift /Users/jayjay/gitrepos/truchiemu/TruchieEmu/Services/CheatParser.swift /Users/jayjay/gitrepos/truchiemu/TruchieEmu/Views/Settings/CheatSettingsView.swift /Users/jayjay/gitrepos/truchiemu/TruchieEmu/Views/Detail/Sections/CheatsSection.swift /Users/jayjay/gitrepos/truchiemu/TruchieEmu/Utilities/ConfettiView.swift /Users/jayjay/gitrepos/truchiemu/TruchieEmu/App/ContentView.swift /Users/jayjay/gitrepos/truchiemu/TruchieEmu/Services/ControllerService.swift -primary-file /Users/jayjay/gitrepos/truchiemu/TruchieEmu/Views/Detail/Sections/ControlsSection.swift /Users/jayjay/gitrepos/truchiemu/TruchieEmu/Views/CoreDownload/CoreDownloadSheet.swift /Users/jayjay/gitrepos/truchiemu/TruchieEmu/Services/CoreManager.swift /Users/jayjay/gitrepos/truchiemu/TruchieEmu/Models/CoreOption.swift /Users/jayjay/gitrepos/truchiemu/TruchieEmu/Services/CoreOptionsManager.swift /Users/jayjay/gitrepos/truchiemu/TruchieEmu/Services/Persistence/CoreOptionsRepository.swift /Users/jayjay/gitrepos/truchiemu/TruchieEmu/Views/Settings/CoreOptionsView.swift /Users/jayjay/gitrepos/truchiemu/TruchieEmu/Views/Player/CorePickerView.swift /Users/jayjay/gitrepos/truchiemu/TruchieEmu/Views/Detail/Sections/CoreSection.swift /Users/jayjay/gitrepos/truchiemu/TruchieEmu/Services/DATPrepopulationService.swift /Users/jayjay/gitrepos/truchiemu/TruchieEmu/Engine/Runners/DOSRunner.swift /Users/jayjay/gitrepos/truchiemu/TruchieEmu/Views/Detail/EmptyDetailView.swift /Users/jayjay/gitrepos/truchiemu/TruchieEmu/Views/Player/EmulatorView.swift /Users/jayjay/gitrepos/truchiemu/TruchieEmu/Views/GameCardView.swift /Users/jayjay/gitrepos/truchiemu/TruchieEmu/Models/GameCategory.swift /Users/jayjay/gitrepos/truchiemu/TruchieEmu/Models/GameDBLookupResult.swift /Users/jayjay/gitrepos/truchiemu/TruchieEmu/Services/Persistence/GameDBRepository.swift /Users/jayjay/gitrepos/truchiemu/TruchieEmu/Views/Detail/GameDetailView.swift /Users/jayjay/gitrepos/truchiemu/TruchieEmu/Services/GameDragState.swift /Users/jayjay/gitrepos/truchiemu/TruchieEmu/App/GameInfoWindow.swift /Users/jayjay/gitrepos/truchiemu/TruchieEmu/Services/GameLauncher.swift /Users/jayjay/gitrepos/truchiemu/TruchieEmu/Utilities/GameNameFormatter.swift /Users/jayjay/gitrepos/truchiemu/TruchieEmu/Services/HardcoreModeManager.swift /Users/jayjay/gitrepos/truchiemu/TruchieEmu/Services/ImageCache.swift /Users/jayjay/gitrepos/truchiemu/TruchieEmu/Models/LaunchBoxGameMetadata.swift /Users/jayjay/gitrepos/truchiemu/TruchieEmu/Services/LaunchBoxGamesDBService.swift /Users/jayjay/gitrepos/truchiemu/TruchieEmu/Services/LibraryAutomationCoordinator.swift /Users/jayjay/gitrepos/truchiemu/TruchieEmu/Views/Library/LibraryGridView.swift /Users/jayjay/gitrepos/truchiemu/TruchieEmu/Models/LibraryMetadataStore.swift /Users/jayjay/gitrepos/truchiemu/TruchieEmu/Engine/LibretroBridgeSwift.swift /Users/jayjay/gitrepos/truchiemu/TruchieEmu/Models/LibretroCore.swift /Users/jayjay/gitrepos/truchiemu/TruchieEmu/Services/LibretroRDBParser.swift /Users/jayjay/gitrepos/truchiemu/TruchieEmu/Services/LibretroThumbnailResolver.swift /Users/jayjay/gitrepos/truchiemu/TruchieEmu/Services/LogManager.swift /Users/jayjay/gitrepos/truchiemu/TruchieEmu/Services/LoggerService.swift /Users/jayjay/gitrepos/truchiemu/TruchieEmu/Views/Settings/LoggingSettingsView.swift /Users/jayjay/gitrepos/truchiemu/TruchieEmu/Services/MAMEDependencyService.swift /Users/jayjay/gitrepos/truchiemu/TruchieEmu/Views/MAME/MAMEDependencyStatusView.swift /Users/jayjay/gitrepos/truchiemu/TruchieEmu/Services/MAMEImportService.swift /Users/jayjay/gitrepos/truchiemu/TruchieEmu/Views/MAME/MAMEMissingROMsAlert.swift /Users/jayjay/gitrepos/truchiemu/TruchieEmu/Services/MAMEModels.swift /Users/jayjay/gitrepos/truchiemu/TruchieEmu/Models/MAMERomEntry.swift /Users/jayjay/gitrepos/truchiemu/TruchieEmu/Services/MAMEUnifiedService.swift /Users/jayjay/gitrepos/truchiemu/TruchieEmu/Models/MAMEVerificationRecord.swift /Users/jayjay/gitrepos/truchiemu/TruchieEmu/Services/MAMEVerificationService.swift /Users/jayjay/gitrepos/truchiemu/TruchieEmu/Services/MetadataSyncCoordinator.swift /Users/jayjay/gitrepos/truchiemu/TruchieEmu/Engine/Runners/N64Runner.swift /Users/jayjay/gitrepos/truchiemu/TruchieEmu/Engine/Runners/NESRunner.swift /Users/jayjay/gitrepos/truchiemu/TruchieEmu/Views/Library/OnboardingView.swift /Users/jayjay/gitrepos/truchiemu/TruchieEmu/Services/Persistence/PersistenceMigrationFlag.swift /Users/jayjay/gitrepos/truchiemu/TruchieEmu/Models/ROM.swift /Users/jayjay/gitrepos/truchiemu/TruchieEmu/Services/ROMIdentifierService.swift /Users/jayjay/gitrepos/truchiemu/TruchieEmu/Services/ROMLibrary.swift /Users/jayjay/gitrepos/truchiemu/TruchieEmu/Services/Persistence/ROMRepository.swift /Users/jayjay/gitrepos/truchiemu/TruchieEmu/Services/ROMScanner.swift /Users/jayjay/gitrepos/truchiemu/TruchieEmu/Services/ResourceCacheInterceptor.swift /Users/jayjay/gitrepos/truchiemu/TruchieEmu/Models/ResourceCacheModels.swift /Users/jayjay/gitrepos/truchiemu/TruchieEmu/Services/Persistence/ResourceCacheRepository.swift /Users/jayjay/gitrepos/truchiemu/TruchieEmu/Services/RetroAchievementsService.swift /Users/jayjay/gitrepos/truchiemu/TruchieEmu/Views/Settings/RetroAchievementsSettingsView.swift /Users/jayjay/gitrepos/truchiemu/TruchieEmu/Services/RunningGamesTracker.swift /Users/jayjay/gitrepos/truchiemu/TruchieEmu/Engine/Runners/SNESRunner.swift /Users/jayjay/gitrepos/truchiemu/TruchieEmu/Services/SaveStateManager.swift /Users/jayjay/gitrepos/truchiemu/TruchieEmu/Views/Detail/Sections/SavedStatesSection.swift /Users/jayjay/gitrepos/truchiemu/TruchieEmu/Engine/Runners/ScummVMRunner.swift /Users/jayjay/gitrepos/truchiemu/TruchieEmu/Views/Settings/SettingsView.swift /Users/jayjay/gitrepos/truchiemu/TruchieEmu/Services/SetupWizardState.swift /Users/jayjay/gitrepos/truchiemu/TruchieEmu/Views/Library/SetupWizardView.swift /Users/jayjay/gitrepos/truchiemu/TruchieEmu/Services/ShaderManager.swift /Users/jayjay/gitrepos/truchiemu/TruchieEmu/Models/ShaderPreset.swift /Users/jayjay/gitrepos/truchiemu/TruchieEmu/Views/Shaders/ShaderPresetPickerView.swift /Users/jayjay/gitrepos/truchiemu/TruchieEmu/Views/Detail/Sections/ShaderSection.swift /Users/jayjay/gitrepos/truchiemu/TruchieEmu/Views/Player/SharedPlayerComponents.swift /Users/jayjay/gitrepos/truchiemu/TruchieEmu/Views/Library/SidebarRowButton.swift /Users/jayjay/gitrepos/truchiemu/TruchieEmu/Views/Player/SlotPickerSheet.swift /Users/jayjay/gitrepos/truchiemu/TruchieEmu/Services/Persistence/SwiftDataContainer.swift /Users/jayjay/gitrepos/truchiemu/TruchieEmu/Models/SwiftDataModels.swift /Users/jayjay/gitrepos/truchiemu/TruchieEmu/Views/Library/SystemControlsMappingView.swift /Users/jayjay/gitrepos/truchiemu/TruchieEmu/Models/SystemInfo.swift /Users/jayjay/gitrepos/truchiemu/TruchieEmu/Views/Library/SystemSidebarView.swift /Users/jayjay/gitrepos/truchiemu/TruchieEmu/App/TruchieEmuApp.swift /Users/jayjay/gitrepos/truchiemu/TruchieEmu/Views/BoxArt/ZoomableBoxArtView.swift -emit-dependencies-path /Users/jayjay/Library/Developer/Xcode/DerivedData/TruchieEmu-alcfinswigbcsuemhksixsvdwjda/Build/Intermediates.noindex/TruchieEmu.build/Debug/TruchieEmu.build/Objects-normal/arm64/ControlsSection.d -emit-const-values-path /Users/jayjay/Library/Developer/Xcode/DerivedData/TruchieEmu-alcfinswigbcsuemhksixsvdwjda/Build/Intermediates.noindex/TruchieEmu.build/Debug/TruchieEmu.build/Objects-normal/arm64/ControlsSection.swiftconstvalues -emit-reference-dependencies-path /Users/jayjay/Library/Developer/Xcode/DerivedData/TruchieEmu-alcfinswigbcsuemhksixsvdwjda/Build/Intermediates.noindex/TruchieEmu.build/Debug/TruchieEmu.build/Objects-normal/arm64/ControlsSection.swiftdeps -serialize-diagnostics-path /Users/jayjay/Library/Developer/Xcode/DerivedData/TruchieEmu-alcfinswigbcsuemhksixsvdwjda/Build/Intermediates.noindex/TruchieEmu.build/Debug/TruchieEmu.build/Objects-normal/arm64/ControlsSection.dia -target arm64-apple-macos14.0 -disable-cross-import-overlay-search -swift-module-cross-import Darwin /Applications/Xcode.app/Contents/Developer/Platforms/MacOSX.platform/Developer/SDKs/MacOSX.sdk/usr/include/Darwin.swiftcrossimport/xlocale.swiftoverlay -swift-module-cross-import SwiftData /Applications/Xcode.app/Contents/Developer/Platforms/MacOSX.platform/Developer/SDKs/MacOSX26.4.sdk/System/Library/Frameworks/SwiftData.framework/Modules/SwiftData.swiftcrossimport/CoreData.swiftoverlay -swift-module-cross-import SwiftData /Applications/Xcode.app/Contents/Developer/Platforms/MacOSX.platform/Developer/SDKs/MacOSX26.4.sdk/System/Library/Frameworks/SwiftData.framework/Modules/SwiftData.swiftcrossimport/SwiftUI.swiftoverlay -swift-module-cross-import WebKit /Applications/Xcode.app/Contents/Developer/Platforms/MacOSX.platform/Developer/SDKs/MacOSX.sdk/System/Cryptexes/OS/System/Library/Frameworks/WebKit.framework/Modules/WebKit.swiftcrossimport/SwiftUI.swiftoverlay -swift-module-cross-import WebKit /Applications/Xcode.app/Contents/Developer/Platforms/MacOSX.platform/Developer/SDKs/MacOSX26.4.sdk/System/Library/Frameworks/WebKit.framework/Modules/WebKit.swiftcrossimport/SwiftUI.swiftoverlay -load-resolved-plugin /Applications/Xcode.app/Contents/Developer/Platforms/MacOSX.platform/Developer/usr/lib/swift/host/plugins/libFoundationMacros.dylib\#/Applications/Xcode.app/Contents/Developer/Platforms/MacOSX.platform/Developer/usr/bin/swift-plugin-server\#FoundationMacros -load-resolved-plugin /Applications/Xcode.app/Contents/Developer/Platforms/MacOSX.platform/Developer/usr/lib/swift/host/plugins/libObservationMacros.dylib\#/Applications/Xcode.app/Contents/Developer/Platforms/MacOSX.platform/Developer/usr/bin/swift-plugin-server\#ObservationMacros -load-resolved-plugin /Applications/Xcode.app/Contents/Developer/Platforms/MacOSX.platform/Developer/usr/lib/swift/host/plugins/libPreviewsMacros.dylib\#/Applications/Xcode.app/Contents/Developer/Platforms/MacOSX.platform/Developer/usr/bin/swift-plugin-server\#PreviewsMacros -load-resolved-plugin /Applications/Xcode.app/Contents/Developer/Platforms/MacOSX.platform/Developer/usr/lib/swift/host/plugins/libSwiftDataMacros.dylib\#/Applications/Xcode.app/Contents/Developer/Platforms/MacOSX.platform/Developer/usr/bin/swift-plugin-server\#SwiftDataMacros -load-resolved-plugin /Applications/Xcode.app/Contents/Developer/Platforms/MacOSX.platform/Developer/usr/lib/swift/host/plugins/libSwiftMacros.dylib\#/Applications/Xcode.app/Contents/Developer/Platforms/MacOSX.platform/Developer/usr/bin/swift-plugin-server\#SwiftMacros -load-resolved-plugin /Applications/Xcode.app/Contents/Developer/Platforms/MacOSX.platform/Developer/usr/lib/swift/host/plugins/libSwiftUIMacros.dylib\#/Applications/Xcode.app/Contents/Developer/Platforms/MacOSX.platform/Developer/usr/bin/swift-plugin-server\#SwiftUIMacros -disable-implicit-swift-modules -Xcc -fno-implicit-modules -Xcc -fno-implicit-module-maps -explicit-swift-module-map-file /Users/jayjay/Library/Developer/Xcode/DerivedData/TruchieEmu-alcfinswigbcsuemhksixsvdwjda/Build/Intermediates.noindex/TruchieEmu.build/Debug/TruchieEmu.build/Objects-normal/arm64/TruchieEmu-dependencies-1.json -debug-module-path /Users/jayjay/Library/Developer/Xcode/DerivedData/TruchieEmu-alcfinswigbcsuemhksixsvdwjda/Build/Intermediates.noindex/TruchieEmu.build/Debug/TruchieEmu.build/Objects-normal/arm64/TruchieEmu.swiftmodule -Xllvm -aarch64-use-tbi -enable-objc-interop -stack-check -sdk /Applications/Xcode.app/Contents/Developer/Platforms/MacOSX.platform/Developer/SDKs/MacOSX26.4.sdk -I /Users/jayjay/Library/Developer/Xcode/DerivedData/TruchieEmu-alcfinswigbcsuemhksixsvdwjda/Build/Products/Debug -F /Users/jayjay/Library/Developer/Xcode/DerivedData/TruchieEmu-alcfinswigbcsuemhksixsvdwjda/Build/Products/Debug -no-color-diagnostics -Xcc -fno-color-diagnostics -enable-testing -g -debug-info-format\=dwarf -dwarf-version\=4 -module-cache-path /Users/jayjay/Library/Developer/Xcode/DerivedData/TruchieEmu-alcfinswigbcsuemhksixsvdwjda/Build/Intermediates.noindex/SwiftExplicitPrecompiledModules -swift-version 5 -Onone -D DEBUG -serialize-debugging-options -const-gather-protocols-file /Users/jayjay/Library/Developer/Xcode/DerivedData/TruchieEmu-alcfinswigbcsuemhksixsvdwjda/Build/Intermediates.noindex/TruchieEmu.build/Debug/TruchieEmu.build/Objects-normal/arm64/TruchieEmu_const_extract_protocols.json -enable-experimental-feature DebugDescriptionMacro -enable-bare-slash-regex -empty-abi-descriptor -validate-clang-modules-once -clang-build-session-file /Users/jayjay/Library/Developer/Xcode/DerivedData/ModuleCache.noindex/Session.modulevalidation -Xcc -working-directory -Xcc /Users/jayjay/gitrepos/truchiemu -enable-anonymous-context-mangled-names -file-compilation-dir /Users/jayjay/gitrepos/truchiemu -Xcc -D_LIBCPP_HARDENING_MODE\=_LIBCPP_HARDENING_MODE_DEBUG -Xcc -ivfsstatcache -Xcc /Users/jayjay/Library/Developer/Xcode/DerivedData/SDKStatCaches.noindex/macosx26.4-25E236-688ef53f1462e2c8f657fdc38a81448f30f9ca8789b706f8bd3fc906a70d770f.sdkstatcache -Xcc -I/Users/jayjay/Library/Developer/Xcode/DerivedData/TruchieEmu-alcfinswigbcsuemhksixsvdwjda/Build/Intermediates.noindex/TruchieEmu.build/Debug/TruchieEmu.build/swift-overrides.hmap -Xcc -iquote -Xcc /Users/jayjay/Library/Developer/Xcode/DerivedData/TruchieEmu-alcfinswigbcsuemhksixsvdwjda/Build/Intermediates.noindex/TruchieEmu.build/Debug/TruchieEmu.build/TruchieEmu-generated-files.hmap -Xcc -I/Users/jayjay/Library/Developer/Xcode/DerivedData/TruchieEmu-alcfinswigbcsuemhksixsvdwjda/Build/Intermediates.noindex/TruchieEmu.build/Debug/TruchieEmu.build/TruchieEmu-own-target-headers.hmap -Xcc -I/Users/jayjay/Library/Developer/Xcode/DerivedData/TruchieEmu-alcfinswigbcsuemhksixsvdwjda/Build/Intermediates.noindex/TruchieEmu.build/Debug/TruchieEmu.build/TruchieEmu-all-target-headers.hmap -Xcc -iquote -Xcc /Users/jayjay/Library/Developer/Xcode/DerivedData/TruchieEmu-alcfinswigbcsuemhksixsvdwjda/Build/Intermediates.noindex/TruchieEmu.build/Debug/TruchieEmu.build/TruchieEmu-project-headers.hmap -Xcc -I/Users/jayjay/Library/Developer/Xcode/DerivedData/TruchieEmu-alcfinswigbcsuemhksixsvdwjda/Build/Products/Debug/include -Xcc -I/Users/jayjay/Library/Developer/Xcode/DerivedData/TruchieEmu-alcfinswigbcsuemhksixsvdwjda/Build/Intermediates.noindex/TruchieEmu.build/Debug/TruchieEmu.build/DerivedSources-normal/arm64 -Xcc -I/Users/jayjay/Library/Developer/Xcode/DerivedData/TruchieEmu-alcfinswigbcsuemhksixsvdwjda/Build/Intermediates.noindex/TruchieEmu.build/Debug/TruchieEmu.build/DerivedSources/arm64 -Xcc -I/Users/jayjay/Library/Developer/Xcode/DerivedData/TruchieEmu-alcfinswigbcsuemhksixsvdwjda/Build/Intermediates.noindex/TruchieEmu.build/Debug/TruchieEmu.build/DerivedSources -Xcc -DDEBUG\=1 -import-objc-header /Users/jayjay/Library/Developer/Xcode/DerivedData/TruchieEmu-alcfinswigbcsuemhksixsvdwjda/Build/Intermediates.noindex/TruchieEmu.build/Debug/TruchieEmu.build/Objects-normal/arm64/TruchieEmu-primary-Bridging-header.pch -no-auto-bridging-header-chaining -module-name TruchieEmu -frontend-parseable-output -disable-clang-spi -clang-target arm64-apple-macos26.4 -target-sdk-version 26.4 -target-sdk-name macosx26.4 -in-process-plugin-server-path /Applications/Xcode.app/Contents/Developer/Toolchains/XcodeDefault.xctoolchain/usr/lib/swift/host/libSwiftInProcPluginServer.dylib -o /Users/jayjay/Library/Developer/Xcode/DerivedData/TruchieEmu-alcfinswigbcsuemhksixsvdwjda/Build/Intermediates.noindex/TruchieEmu.build/Debug/TruchieEmu.build/Objects-normal/arm64/ControlsSection.o -index-unit-output-path /TruchieEmu.build/Debug/TruchieEmu.build/Objects-normal/arm64/ControlsSection.o -index-store-path /Users/jayjay/Library/Developer/Xcode/DerivedData/TruchieEmu-alcfinswigbcsuemhksixsvdwjda/Index.noindex/DataStore -index-system-modules

SwiftCompile normal arm64 /Users/jayjay/gitrepos/truchiemu/TruchieEmu/Views/Detail/Sections/ControlsSection.swift (in target 'TruchieEmu' from project 'TruchieEmu')
    cd /Users/jayjay/gitrepos/truchiemu
    
/Users/jayjay/gitrepos/truchiemu/TruchieEmu/Views/Detail/Sections/ControlsSection.swift:11:20: error: 'ThemeColors' is inaccessible due to 'private' protection level
    private var t: ThemeColors { ThemeColors.for(colorScheme) }
                   ^
/Users/jayjay/gitrepos/truchiemu/TruchieEmu/Views/Detail/GameDetailView.swift:7:16: note: type declared here
private struct ThemeColors {
               ^
/Users/jayjay/gitrepos/truchiemu/TruchieEmu/Views/Detail/Sections/ControlsSection.swift:11:34: error: 'ThemeColors' is inaccessible due to 'private' protection level
    private var t: ThemeColors { ThemeColors.for(colorScheme) }
                                 ^
/Users/jayjay/gitrepos/truchiemu/TruchieEmu/Views/Detail/GameDetailView.swift:7:16: note: 'ThemeColors' declared here
private struct ThemeColors {
               ^

SwiftCompile normal arm64 Compiling\ SavedStatesSection.swift /Users/jayjay/gitrepos/truchiemu/TruchieEmu/Views/Detail/Sections/SavedStatesSection.swift (in target 'TruchieEmu' from project 'TruchieEmu')
Failed frontend command:
/Applications/Xcode.app/Contents/Developer/Toolchains/XcodeDefault.xctoolchain/usr/bin/swift-frontend -frontend -c /Users/jayjay/gitrepos/truchiemu/TruchieEmu/Models/Achievement.swift /Users/jayjay/gitrepos/truchiemu/TruchieEmu/Views/Player/AchievementListView.swift /Users/jayjay/gitrepos/truchiemu/TruchieEmu/Views/Player/AchievementToastView.swift /Users/jayjay/gitrepos/truchiemu/TruchieEmu/Utilities/AppSettings.swift /Users/jayjay/gitrepos/truchiemu/TruchieEmu/Engine/Runners/BaseRunner.swift /Users/jayjay/gitrepos/truchiemu/TruchieEmu/Services/Bezels/BezelAPIService.swift /Users/jayjay/gitrepos/truchiemu/TruchieEmu/Views/Player/BezelBackgroundView.swift /Users/jayjay/gitrepos/truchiemu/TruchieEmu/Views/Bezels/BezelBrowserView.swift /Users/jayjay/gitrepos/truchiemu/TruchieEmu/Views/Bezels/BezelDownloadLogView.swift /Users/jayjay/gitrepos/truchiemu/TruchieEmu/Services/Bezels/BezelManager.swift /Users/jayjay/gitrepos/truchiemu/TruchieEmu/Services/Bezels/BezelModels.swift /Users/jayjay/gitrepos/truchiemu/TruchieEmu/Views/Bezels/BezelSelectorSheet.swift /Users/jayjay/gitrepos/truchiemu/TruchieEmu/Views/Bezels/BezelSelectorWindow.swift /Users/jayjay/gitrepos/truchiemu/TruchieEmu/Views/Bezels/BezelSettingsView.swift /Users/jayjay/gitrepos/truchiemu/TruchieEmu/Services/Bezels/BezelStorageManager.swift /Users/jayjay/gitrepos/truchiemu/TruchieEmu/Services/Bezels/BezelSystemMapping.swift /Users/jayjay/gitrepos/truchiemu/TruchieEmu/Views/Detail/Sections/BezelsSection.swift /Users/jayjay/gitrepos/truchiemu/TruchieEmu/Views/BoxArt/BoxArtPickerView.swift /Users/jayjay/gitrepos/truchiemu/TruchieEmu/Services/BoxArtPreloaderService.swift /Users/jayjay/gitrepos/truchiemu/TruchieEmu/Services/BoxArtService.swift /Users/jayjay/gitrepos/truchiemu/TruchieEmu/Services/CLILauncher.swift /Users/jayjay/gitrepos/truchiemu/TruchieEmu/Services/CLIManager.swift /Users/jayjay/gitrepos/truchiemu/TruchieEmu/Services/CategoryManager.swift /Users/jayjay/gitrepos/truchiemu/TruchieEmu/Views/Library/CategoryRowButton.swift /Users/jayjay/gitrepos/truchiemu/TruchieEmu/Models/Cheat.swift /Users/jayjay/gitrepos/truchiemu/TruchieEmu/Services/CheatAutoLoader.swift /Users/jayjay/gitrepos/truchiemu/TruchieEmu/Services/CheatDownloadService.swift /Users/jayjay/gitrepos/truchiemu/TruchieEmu/Services/CheatManagerService.swift /Users/jayjay/gitrepos/truchiemu/TruchieEmu/Views/Player/CheatManagerView.swift /Users/jayjay/gitrepos/truchiemu/TruchieEmu/Services/CheatParser.swift /Users/jayjay/gitrepos/truchiemu/TruchieEmu/Views/Settings/CheatSettingsView.swift /Users/jayjay/gitrepos/truchiemu/TruchieEmu/Views/Detail/Sections/CheatsSection.swift /Users/jayjay/gitrepos/truchiemu/TruchieEmu/Utilities/ConfettiView.swift /Users/jayjay/gitrepos/truchiemu/TruchieEmu/App/ContentView.swift /Users/jayjay/gitrepos/truchiemu/TruchieEmu/Services/ControllerService.swift /Users/jayjay/gitrepos/truchiemu/TruchieEmu/Views/Detail/Sections/ControlsSection.swift /Users/jayjay/gitrepos/truchiemu/TruchieEmu/Views/CoreDownload/CoreDownloadSheet.swift /Users/jayjay/gitrepos/truchiemu/TruchieEmu/Services/CoreManager.swift /Users/jayjay/gitrepos/truchiemu/TruchieEmu/Models/CoreOption.swift /Users/jayjay/gitrepos/truchiemu/TruchieEmu/Services/CoreOptionsManager.swift /Users/jayjay/gitrepos/truchiemu/TruchieEmu/Services/Persistence/CoreOptionsRepository.swift /Users/jayjay/gitrepos/truchiemu/TruchieEmu/Views/Settings/CoreOptionsView.swift /Users/jayjay/gitrepos/truchiemu/TruchieEmu/Views/Player/CorePickerView.swift /Users/jayjay/gitrepos/truchiemu/TruchieEmu/Views/Detail/Sections/CoreSection.swift /Users/jayjay/gitrepos/truchiemu/TruchieEmu/Services/DATPrepopulationService.swift /Users/jayjay/gitrepos/truchiemu/TruchieEmu/Engine/Runners/DOSRunner.swift /Users/jayjay/gitrepos/truchiemu/TruchieEmu/Views/Detail/EmptyDetailView.swift /Users/jayjay/gitrepos/truchiemu/TruchieEmu/Views/Player/EmulatorView.swift /Users/jayjay/gitrepos/truchiemu/TruchieEmu/Views/GameCardView.swift /Users/jayjay/gitrepos/truchiemu/TruchieEmu/Models/GameCategory.swift /Users/jayjay/gitrepos/truchiemu/TruchieEmu/Models/GameDBLookupResult.swift /Users/jayjay/gitrepos/truchiemu/TruchieEmu/Services/Persistence/GameDBRepository.swift /Users/jayjay/gitrepos/truchiemu/TruchieEmu/Views/Detail/GameDetailView.swift /Users/jayjay/gitrepos/truchiemu/TruchieEmu/Services/GameDragState.swift /Users/jayjay/gitrepos/truchiemu/TruchieEmu/App/GameInfoWindow.swift /Users/jayjay/gitrepos/truchiemu/TruchieEmu/Services/GameLauncher.swift /Users/jayjay/gitrepos/truchiemu/TruchieEmu/Utilities/GameNameFormatter.swift /Users/jayjay/gitrepos/truchiemu/TruchieEmu/Services/HardcoreModeManager.swift /Users/jayjay/gitrepos/truchiemu/TruchieEmu/Services/ImageCache.swift /Users/jayjay/gitrepos/truchiemu/TruchieEmu/Models/LaunchBoxGameMetadata.swift /Users/jayjay/gitrepos/truchiemu/TruchieEmu/Services/LaunchBoxGamesDBService.swift /Users/jayjay/gitrepos/truchiemu/TruchieEmu/Services/LibraryAutomationCoordinator.swift /Users/jayjay/gitrepos/truchiemu/TruchieEmu/Views/Library/LibraryGridView.swift /Users/jayjay/gitrepos/truchiemu/TruchieEmu/Models/LibraryMetadataStore.swift /Users/jayjay/gitrepos/truchiemu/TruchieEmu/Engine/LibretroBridgeSwift.swift /Users/jayjay/gitrepos/truchiemu/TruchieEmu/Models/LibretroCore.swift /Users/jayjay/gitrepos/truchiemu/TruchieEmu/Services/LibretroRDBParser.swift /Users/jayjay/gitrepos/truchiemu/TruchieEmu/Services/LibretroThumbnailResolver.swift /Users/jayjay/gitrepos/truchiemu/TruchieEmu/Services/LogManager.swift /Users/jayjay/gitrepos/truchiemu/TruchieEmu/Services/LoggerService.swift /Users/jayjay/gitrepos/truchiemu/TruchieEmu/Views/Settings/LoggingSettingsView.swift /Users/jayjay/gitrepos/truchiemu/TruchieEmu/Services/MAMEDependencyService.swift /Users/jayjay/gitrepos/truchiemu/TruchieEmu/Views/MAME/MAMEDependencyStatusView.swift /Users/jayjay/gitrepos/truchiemu/TruchieEmu/Services/MAMEImportService.swift /Users/jayjay/gitrepos/truchiemu/TruchieEmu/Views/MAME/MAMEMissingROMsAlert.swift /Users/jayjay/gitrepos/truchiemu/TruchieEmu/Services/MAMEModels.swift /Users/jayjay/gitrepos/truchiemu/TruchieEmu/Models/MAMERomEntry.swift /Users/jayjay/gitrepos/truchiemu/TruchieEmu/Services/MAMEUnifiedService.swift /Users/jayjay/gitrepos/truchiemu/TruchieEmu/Models/MAMEVerificationRecord.swift /Users/jayjay/gitrepos/truchiemu/TruchieEmu/Services/MAMEVerificationService.swift /Users/jayjay/gitrepos/truchiemu/TruchieEmu/Services/MetadataSyncCoordinator.swift /Users/jayjay/gitrepos/truchiemu/TruchieEmu/Engine/Runners/N64Runner.swift /Users/jayjay/gitrepos/truchiemu/TruchieEmu/Engine/Runners/NESRunner.swift /Users/jayjay/gitrepos/truchiemu/TruchieEmu/Views/Library/OnboardingView.swift /Users/jayjay/gitrepos/truchiemu/TruchieEmu/Services/Persistence/PersistenceMigrationFlag.swift /Users/jayjay/gitrepos/truchiemu/TruchieEmu/Models/ROM.swift /Users/jayjay/gitrepos/truchiemu/TruchieEmu/Services/ROMIdentifierService.swift /Users/jayjay/gitrepos/truchiemu/TruchieEmu/Services/ROMLibrary.swift /Users/jayjay/gitrepos/truchiemu/TruchieEmu/Services/Persistence/ROMRepository.swift /Users/jayjay/gitrepos/truchiemu/TruchieEmu/Services/ROMScanner.swift /Users/jayjay/gitrepos/truchiemu/TruchieEmu/Services/ResourceCacheInterceptor.swift /Users/jayjay/gitrepos/truchiemu/TruchieEmu/Models/ResourceCacheModels.swift /Users/jayjay/gitrepos/truchiemu/TruchieEmu/Services/Persistence/ResourceCacheRepository.swift /Users/jayjay/gitrepos/truchiemu/TruchieEmu/Services/RetroAchievementsService.swift /Users/jayjay/gitrepos/truchiemu/TruchieEmu/Views/Settings/RetroAchievementsSettingsView.swift /Users/jayjay/gitrepos/truchiemu/TruchieEmu/Services/RunningGamesTracker.swift /Users/jayjay/gitrepos/truchiemu/TruchieEmu/Engine/Runners/SNESRunner.swift /Users/jayjay/gitrepos/truchiemu/TruchieEmu/Services/SaveStateManager.swift -primary-file /Users/jayjay/gitrepos/truchiemu/TruchieEmu/Views/Detail/Sections/SavedStatesSection.swift /Users/jayjay/gitrepos/truchiemu/TruchieEmu/Engine/Runners/ScummVMRunner.swift /Users/jayjay/gitrepos/truchiemu/TruchieEmu/Views/Settings/SettingsView.swift /Users/jayjay/gitrepos/truchiemu/TruchieEmu/Services/SetupWizardState.swift /Users/jayjay/gitrepos/truchiemu/TruchieEmu/Views/Library/SetupWizardView.swift /Users/jayjay/gitrepos/truchiemu/TruchieEmu/Services/ShaderManager.swift /Users/jayjay/gitrepos/truchiemu/TruchieEmu/Models/ShaderPreset.swift /Users/jayjay/gitrepos/truchiemu/TruchieEmu/Views/Shaders/ShaderPresetPickerView.swift /Users/jayjay/gitrepos/truchiemu/TruchieEmu/Views/Detail/Sections/ShaderSection.swift /Users/jayjay/gitrepos/truchiemu/TruchieEmu/Views/Player/SharedPlayerComponents.swift /Users/jayjay/gitrepos/truchiemu/TruchieEmu/Views/Library/SidebarRowButton.swift /Users/jayjay/gitrepos/truchiemu/TruchieEmu/Views/Player/SlotPickerSheet.swift /Users/jayjay/gitrepos/truchiemu/TruchieEmu/Services/Persistence/SwiftDataContainer.swift /Users/jayjay/gitrepos/truchiemu/TruchieEmu/Models/SwiftDataModels.swift /Users/jayjay/gitrepos/truchiemu/TruchieEmu/Views/Library/SystemControlsMappingView.swift /Users/jayjay/gitrepos/truchiemu/TruchieEmu/Models/SystemInfo.swift /Users/jayjay/gitrepos/truchiemu/TruchieEmu/Views/Library/SystemSidebarView.swift /Users/jayjay/gitrepos/truchiemu/TruchieEmu/App/TruchieEmuApp.swift /Users/jayjay/gitrepos/truchiemu/TruchieEmu/Views/BoxArt/ZoomableBoxArtView.swift -emit-dependencies-path /Users/jayjay/Library/Developer/Xcode/DerivedData/TruchieEmu-alcfinswigbcsuemhksixsvdwjda/Build/Intermediates.noindex/TruchieEmu.build/Debug/TruchieEmu.build/Objects-normal/arm64/SavedStatesSection.d -emit-const-values-path /Users/jayjay/Library/Developer/Xcode/DerivedData/TruchieEmu-alcfinswigbcsuemhksixsvdwjda/Build/Intermediates.noindex/TruchieEmu.build/Debug/TruchieEmu.build/Objects-normal/arm64/SavedStatesSection.swiftconstvalues -emit-reference-dependencies-path /Users/jayjay/Library/Developer/Xcode/DerivedData/TruchieEmu-alcfinswigbcsuemhksixsvdwjda/Build/Intermediates.noindex/TruchieEmu.build/Debug/TruchieEmu.build/Objects-normal/arm64/SavedStatesSection.swiftdeps -serialize-diagnostics-path /Users/jayjay/Library/Developer/Xcode/DerivedData/TruchieEmu-alcfinswigbcsuemhksixsvdwjda/Build/Intermediates.noindex/TruchieEmu.build/Debug/TruchieEmu.build/Objects-normal/arm64/SavedStatesSection.dia -target arm64-apple-macos14.0 -disable-cross-import-overlay-search -swift-module-cross-import Darwin /Applications/Xcode.app/Contents/Developer/Platforms/MacOSX.platform/Developer/SDKs/MacOSX.sdk/usr/include/Darwin.swiftcrossimport/xlocale.swiftoverlay -swift-module-cross-import SwiftData /Applications/Xcode.app/Contents/Developer/Platforms/MacOSX.platform/Developer/SDKs/MacOSX26.4.sdk/System/Library/Frameworks/SwiftData.framework/Modules/SwiftData.swiftcrossimport/CoreData.swiftoverlay -swift-module-cross-import SwiftData /Applications/Xcode.app/Contents/Developer/Platforms/MacOSX.platform/Developer/SDKs/MacOSX26.4.sdk/System/Library/Frameworks/SwiftData.framework/Modules/SwiftData.swiftcrossimport/SwiftUI.swiftoverlay -swift-module-cross-import WebKit /Applications/Xcode.app/Contents/Developer/Platforms/MacOSX.platform/Developer/SDKs/MacOSX.sdk/System/Cryptexes/OS/System/Library/Frameworks/WebKit.framework/Modules/WebKit.swiftcrossimport/SwiftUI.swiftoverlay -swift-module-cross-import WebKit /Applications/Xcode.app/Contents/Developer/Platforms/MacOSX.platform/Developer/SDKs/MacOSX26.4.sdk/System/Library/Frameworks/WebKit.framework/Modules/WebKit.swiftcrossimport/SwiftUI.swiftoverlay -load-resolved-plugin /Applications/Xcode.app/Contents/Developer/Platforms/MacOSX.platform/Developer/usr/lib/swift/host/plugins/libFoundationMacros.dylib\#/Applications/Xcode.app/Contents/Developer/Platforms/MacOSX.platform/Developer/usr/bin/swift-plugin-server\#FoundationMacros -load-resolved-plugin /Applications/Xcode.app/Contents/Developer/Platforms/MacOSX.platform/Developer/usr/lib/swift/host/plugins/libObservationMacros.dylib\#/Applications/Xcode.app/Contents/Developer/Platforms/MacOSX.platform/Developer/usr/bin/swift-plugin-server\#ObservationMacros -load-resolved-plugin /Applications/Xcode.app/Contents/Developer/Platforms/MacOSX.platform/Developer/usr/lib/swift/host/plugins/libPreviewsMacros.dylib\#/Applications/Xcode.app/Contents/Developer/Platforms/MacOSX.platform/Developer/usr/bin/swift-plugin-server\#PreviewsMacros -load-resolved-plugin /Applications/Xcode.app/Contents/Developer/Platforms/MacOSX.platform/Developer/usr/lib/swift/host/plugins/libSwiftDataMacros.dylib\#/Applications/Xcode.app/Contents/Developer/Platforms/MacOSX.platform/Developer/usr/bin/swift-plugin-server\#SwiftDataMacros -load-resolved-plugin /Applications/Xcode.app/Contents/Developer/Platforms/MacOSX.platform/Developer/usr/lib/swift/host/plugins/libSwiftMacros.dylib\#/Applications/Xcode.app/Contents/Developer/Platforms/MacOSX.platform/Developer/usr/bin/swift-plugin-server\#SwiftMacros -load-resolved-plugin /Applications/Xcode.app/Contents/Developer/Platforms/MacOSX.platform/Developer/usr/lib/swift/host/plugins/libSwiftUIMacros.dylib\#/Applications/Xcode.app/Contents/Developer/Platforms/MacOSX.platform/Developer/usr/bin/swift-plugin-server\#SwiftUIMacros -disable-implicit-swift-modules -Xcc -fno-implicit-modules -Xcc -fno-implicit-module-maps -explicit-swift-module-map-file /Users/jayjay/Library/Developer/Xcode/DerivedData/TruchieEmu-alcfinswigbcsuemhksixsvdwjda/Build/Intermediates.noindex/TruchieEmu.build/Debug/TruchieEmu.build/Objects-normal/arm64/TruchieEmu-dependencies-1.json -debug-module-path /Users/jayjay/Library/Developer/Xcode/DerivedData/TruchieEmu-alcfinswigbcsuemhksixsvdwjda/Build/Intermediates.noindex/TruchieEmu.build/Debug/TruchieEmu.build/Objects-normal/arm64/TruchieEmu.swiftmodule -Xllvm -aarch64-use-tbi -enable-objc-interop -stack-check -sdk /Applications/Xcode.app/Contents/Developer/Platforms/MacOSX.platform/Developer/SDKs/MacOSX26.4.sdk -I /Users/jayjay/Library/Developer/Xcode/DerivedData/TruchieEmu-alcfinswigbcsuemhksixsvdwjda/Build/Products/Debug -F /Users/jayjay/Library/Developer/Xcode/DerivedData/TruchieEmu-alcfinswigbcsuemhksixsvdwjda/Build/Products/Debug -no-color-diagnostics -Xcc -fno-color-diagnostics -enable-testing -g -debug-info-format\=dwarf -dwarf-version\=4 -module-cache-path /Users/jayjay/Library/Developer/Xcode/DerivedData/TruchieEmu-alcfinswigbcsuemhksixsvdwjda/Build/Intermediates.noindex/SwiftExplicitPrecompiledModules -swift-version 5 -Onone -D DEBUG -serialize-debugging-options -const-gather-protocols-file /Users/jayjay/Library/Developer/Xcode/DerivedData/TruchieEmu-alcfinswigbcsuemhksixsvdwjda/Build/Intermediates.noindex/TruchieEmu.build/Debug/TruchieEmu.build/Objects-normal/arm64/TruchieEmu_const_extract_protocols.json -enable-experimental-feature DebugDescriptionMacro -enable-bare-slash-regex -empty-abi-descriptor -validate-clang-modules-once -clang-build-session-file /Users/jayjay/Library/Developer/Xcode/DerivedData/ModuleCache.noindex/Session.modulevalidation -Xcc -working-directory -Xcc /Users/jayjay/gitrepos/truchiemu -enable-anonymous-context-mangled-names -file-compilation-dir /Users/jayjay/gitrepos/truchiemu -Xcc -D_LIBCPP_HARDENING_MODE\=_LIBCPP_HARDENING_MODE_DEBUG -Xcc -ivfsstatcache -Xcc /Users/jayjay/Library/Developer/Xcode/DerivedData/SDKStatCaches.noindex/macosx26.4-25E236-688ef53f1462e2c8f657fdc38a81448f30f9ca8789b706f8bd3fc906a70d770f.sdkstatcache -Xcc -I/Users/jayjay/Library/Developer/Xcode/DerivedData/TruchieEmu-alcfinswigbcsuemhksixsvdwjda/Build/Intermediates.noindex/TruchieEmu.build/Debug/TruchieEmu.build/swift-overrides.hmap -Xcc -iquote -Xcc /Users/jayjay/Library/Developer/Xcode/DerivedData/TruchieEmu-alcfinswigbcsuemhksixsvdwjda/Build/Intermediates.noindex/TruchieEmu.build/Debug/TruchieEmu.build/TruchieEmu-generated-files.hmap -Xcc -I/Users/jayjay/Library/Developer/Xcode/DerivedData/TruchieEmu-alcfinswigbcsuemhksixsvdwjda/Build/Intermediates.noindex/TruchieEmu.build/Debug/TruchieEmu.build/TruchieEmu-own-target-headers.hmap -Xcc -I/Users/jayjay/Library/Developer/Xcode/DerivedData/TruchieEmu-alcfinswigbcsuemhksixsvdwjda/Build/Intermediates.noindex/TruchieEmu.build/Debug/TruchieEmu.build/TruchieEmu-all-target-headers.hmap -Xcc -iquote -Xcc /Users/jayjay/Library/Developer/Xcode/DerivedData/TruchieEmu-alcfinswigbcsuemhksixsvdwjda/Build/Intermediates.noindex/TruchieEmu.build/Debug/TruchieEmu.build/TruchieEmu-project-headers.hmap -Xcc -I/Users/jayjay/Library/Developer/Xcode/DerivedData/TruchieEmu-alcfinswigbcsuemhksixsvdwjda/Build/Products/Debug/include -Xcc -I/Users/jayjay/Library/Developer/Xcode/DerivedData/TruchieEmu-alcfinswigbcsuemhksixsvdwjda/Build/Intermediates.noindex/TruchieEmu.build/Debug/TruchieEmu.build/DerivedSources-normal/arm64 -Xcc -I/Users/jayjay/Library/Developer/Xcode/DerivedData/TruchieEmu-alcfinswigbcsuemhksixsvdwjda/Build/Intermediates.noindex/TruchieEmu.build/Debug/TruchieEmu.build/DerivedSources/arm64 -Xcc -I/Users/jayjay/Library/Developer/Xcode/DerivedData/TruchieEmu-alcfinswigbcsuemhksixsvdwjda/Build/Intermediates.noindex/TruchieEmu.build/Debug/TruchieEmu.build/DerivedSources -Xcc -DDEBUG\=1 -import-objc-header /Users/jayjay/Library/Developer/Xcode/DerivedData/TruchieEmu-alcfinswigbcsuemhksixsvdwjda/Build/Intermediates.noindex/TruchieEmu.build/Debug/TruchieEmu.build/Objects-normal/arm64/TruchieEmu-primary-Bridging-header.pch -no-auto-bridging-header-chaining -module-name TruchieEmu -frontend-parseable-output -disable-clang-spi -clang-target arm64-apple-macos26.4 -target-sdk-version 26.4 -target-sdk-name macosx26.4 -in-process-plugin-server-path /Applications/Xcode.app/Contents/Developer/Toolchains/XcodeDefault.xctoolchain/usr/lib/swift/host/libSwiftInProcPluginServer.dylib -o /Users/jayjay/Library/Developer/Xcode/DerivedData/TruchieEmu-alcfinswigbcsuemhksixsvdwjda/Build/Intermediates.noindex/TruchieEmu.build/Debug/TruchieEmu.build/Objects-normal/arm64/SavedStatesSection.o -index-unit-output-path /TruchieEmu.build/Debug/TruchieEmu.build/Objects-normal/arm64/SavedStatesSection.o -index-store-path /Users/jayjay/Library/Developer/Xcode/DerivedData/TruchieEmu-alcfinswigbcsuemhksixsvdwjda/Index.noindex/DataStore -index-system-modules

SwiftCompile normal arm64 /Users/jayjay/gitrepos/truchiemu/TruchieEmu/Views/Detail/Sections/SavedStatesSection.swift (in target 'TruchieEmu' from project 'TruchieEmu')
    cd /Users/jayjay/gitrepos/truchiemu
    
/Users/jayjay/gitrepos/truchiemu/TruchieEmu/Views/Detail/Sections/SavedStatesSection.swift:13:20: error: 'ThemeColors' is inaccessible due to 'private' protection level
    private var t: ThemeColors { ThemeColors.for(colorScheme) }
                   ^
/Users/jayjay/gitrepos/truchiemu/TruchieEmu/Views/Detail/GameDetailView.swift:7:16: note: type declared here
private struct ThemeColors {
               ^
/Users/jayjay/gitrepos/truchiemu/TruchieEmu/Views/Detail/Sections/SavedStatesSection.swift:13:34: error: 'ThemeColors' is inaccessible due to 'private' protection level
    private var t: ThemeColors { ThemeColors.for(colorScheme) }
                                 ^
/Users/jayjay/gitrepos/truchiemu/TruchieEmu/Views/Detail/GameDetailView.swift:7:16: note: 'ThemeColors' declared here
private struct ThemeColors {
               ^

SwiftCompile normal arm64 Compiling\ BezelsSection.swift /Users/jayjay/gitrepos/truchiemu/TruchieEmu/Views/Detail/Sections/BezelsSection.swift (in target 'TruchieEmu' from project 'TruchieEmu')
SwiftCompile normal arm64 /Users/jayjay/gitrepos/truchiemu/TruchieEmu/Views/Detail/Sections/BezelsSection.swift (in target 'TruchieEmu' from project 'TruchieEmu')
    cd /Users/jayjay/gitrepos/truchiemu
    

SwiftCompile normal arm64 Compiling\ SharedPlayerComponents.swift /Users/jayjay/gitrepos/truchiemu/TruchieEmu/Views/Player/SharedPlayerComponents.swift (in target 'TruchieEmu' from project 'TruchieEmu')

SwiftCompile normal arm64 /Users/jayjay/gitrepos/truchiemu/TruchieEmu/Views/Player/SharedPlayerComponents.swift (in target 'TruchieEmu' from project 'TruchieEmu')
    cd /Users/jayjay/gitrepos/truchiemu
    

** BUILD FAILED **


The following build commands failed:
	SwiftCompile normal arm64 Compiling\ CoreSection.swift /Users/jayjay/gitrepos/truchiemu/TruchieEmu/Views/Detail/Sections/CoreSection.swift (in target 'TruchieEmu' from project 'TruchieEmu')
	SwiftCompile normal arm64 /Users/jayjay/gitrepos/truchiemu/TruchieEmu/Views/Detail/Sections/CoreSection.swift (in target 'TruchieEmu' from project 'TruchieEmu')
	SwiftCompile normal arm64 Compiling\ ControlsSection.swift /Users/jayjay/gitrepos/truchiemu/TruchieEmu/Views/Detail/Sections/ControlsSection.swift (in target 'TruchieEmu' from project 'TruchieEmu')
	SwiftCompile normal arm64 /Users/jayjay/gitrepos/truchiemu/TruchieEmu/Views/Detail/Sections/ControlsSection.swift (in target 'TruchieEmu' from project 'TruchieEmu')
	SwiftCompile normal arm64 Compiling\ SavedStatesSection.swift /Users/jayjay/gitrepos/truchiemu/TruchieEmu/Views/Detail/Sections/SavedStatesSection.swift (in target 'TruchieEmu' from project 'TruchieEmu')
	SwiftCompile normal arm64 /Users/jayjay/gitrepos/truchiemu/TruchieEmu/Views/Detail/Sections/SavedStatesSection.swift (in target 'TruchieEmu' from project 'TruchieEmu')
	Building project TruchieEmu with scheme TruchieEmu
(7 failures)
